
Memory Configuration

Name             Origin             Length             Attributes
Flash            0x08000000         0x00020000         xr
SRam             0x20000000         0x00005000         xrw
*default*        0x00000000         0xffffffff

Linker script and memory map


.text           0x08000000      0x18c
 *(.vectors*)
 .vectors       0x08000000       0x1c startup.o
                0x08000000                Vectors
 *(.text*)
 .text          0x0800001c       0xb0 main.o
                0x0800001c                main
 .text          0x080000cc       0xbc startup.o
                0x080000cc                H_Fault_Handler
                0x080000cc                MM_Fault_Handler
                0x080000cc                Bus_Fault
                0x080000cc                Default_Handler
                0x080000cc                Usage_Fault_Handler
                0x080000cc                NMI_Handler
                0x080000d8                Rest_Handler
 *(.rodata)
 .rodata        0x08000188        0x4 main.o
                0x08000188                const_variable
                0x0800018c                _E_text = .

.glue_7         0x0800018c        0x0
 .glue_7        0x00000000        0x0 linker stubs

.glue_7t        0x0800018c        0x0
 .glue_7t       0x00000000        0x0 linker stubs

.vfp11_veneer   0x0800018c        0x0
 .vfp11_veneer  0x00000000        0x0 linker stubs

.v4_bx          0x0800018c        0x0
 .v4_bx         0x00000000        0x0 linker stubs

.iplt           0x0800018c        0x0
 .iplt          0x00000000        0x0 main.o

.rel.dyn        0x0800018c        0x0
 .rel.iplt      0x00000000        0x0 main.o

.data           0x20000000        0x8 load address 0x0800018c
                0x20000000                . = ALIGN (0x4)
                0x20000000                _S_Data = .
 *(.data)
 .data          0x20000000        0x8 main.o
                0x20000000                R_ODR
                0x20000004                g_variable
 .data          0x20000008        0x0 startup.o
                0x20000008                _E_Data = .

.igot.plt       0x20000008        0x0 load address 0x08000194
 .igot.plt      0x00000000        0x0 main.o

.bss            0x20000008     0x1004 load address 0x08000194
                0x20000008                _S_Bss = .
 *(.bss)
 .bss           0x20000008        0x4 main.o
                0x20000008                bss_variable
 .bss           0x2000000c        0x0 startup.o
                0x2000000c                _E_Bss = .
                0x2000000c                . = ALIGN (0x4)
                0x2000100c                . = (. + 0x1000)
 *fill*         0x2000000c     0x1000 
                0x2000100c                stack_top = .
LOAD main.o
LOAD startup.o
OUTPUT(learn-in-depth-cortex-m3.elf elf32-littlearm)

.debug_info     0x00000000      0x2b8
 .debug_info    0x00000000      0x145 main.o
 .debug_info    0x00000145      0x173 startup.o

.debug_abbrev   0x00000000      0x19a
 .debug_abbrev  0x00000000       0xd8 main.o
 .debug_abbrev  0x000000d8       0xc2 startup.o

.debug_loc      0x00000000       0x9c
 .debug_loc     0x00000000       0x38 main.o
 .debug_loc     0x00000038       0x64 startup.o

.debug_aranges  0x00000000       0x40
 .debug_aranges
                0x00000000       0x20 main.o
 .debug_aranges
                0x00000020       0x20 startup.o

.debug_line     0x00000000      0x102
 .debug_line    0x00000000       0x56 main.o
 .debug_line    0x00000056       0xac startup.o

.debug_str      0x00000000      0x17f
 .debug_str     0x00000000       0xb7 main.o
                                 0xcd (size before relaxing)
 .debug_str     0x000000b7       0xc8 startup.o
                                0x151 (size before relaxing)

.comment        0x00000000       0x11
 .comment       0x00000000       0x11 main.o
                                 0x12 (size before relaxing)
 .comment       0x00000000       0x12 startup.o

.ARM.attributes
                0x00000000       0x33
 .ARM.attributes
                0x00000000       0x33 main.o
 .ARM.attributes
                0x00000033       0x33 startup.o

.debug_frame    0x00000000       0x78
 .debug_frame   0x00000000       0x2c main.o
 .debug_frame   0x0000002c       0x4c startup.o
