
Allocating common symbols
Common symbol       size              file

pressure_val        0x4               Pressure_Sensor_Driver.o
pf_main_algorithm   0x4               Main_Algorithm.o
Pressure_Sensor_state_id
                    0x1               main.o
pf_alarm_monitor    0x4               Alarm_Monitor.o
main_algorithm_state_id
                    0x1               main.o
pf_Pressure_Sensor  0x4               Pressure_Sensor_Driver.o
pf_alarm_actuator   0x4               Alarm_Actuator_driver.o
alarm_actuator_state_id
                    0x1               Alarm_Actuator_driver.o
stack_top           0x400             startup.o
alarm_monitor_state_id
                    0x1               Alarm_Monitor.o

Memory Configuration

Name             Origin             Length             Attributes
Flash            0x08000000         0x00020000         xr
SRam             0x20000000         0x00005000         xrw
*default*        0x00000000         0xffffffff

Linker script and memory map


.text           0x08000000      0x588
                0x08000000                . = ALIGN (0x4)
                0x08000000                S_Text = .
 *(.vectors*)
 .vectors       0x08000000       0x1c startup.o
                0x08000000                vector_arr
 *(.text*)
 .text          0x0800001c       0xf4 Alarm_Actuator_driver.o
                0x0800001c                Fun_AA_init
                0x0800004c                Fun_AA_waiting
                0x08000078                Fun_AA_alarm_turn_on
                0x080000a4                Fun_AA_alarm_turn_off
                0x080000d0                Start_Alarm
                0x080000f0                Stop_Alarm
 .text          0x08000110       0xb0 Alarm_Monitor.o
                0x08000110                Fun_AM_init
                0x0800013c                Fun_AM_monitor
                0x08000168                Fun_AM_alarm_on
                0x080001a4                detect_high_pressure
 .text          0x080001c0      0x10c driver.o
                0x080001c0                Delay
                0x080001e4                getPressureVal
                0x080001fc                Set_Alarm_actuator
                0x0800024c                GPIO_INITIALIZATION
 .text          0x080002cc       0x94 main.o
                0x080002cc                setup
                0x08000320                main
 .text          0x08000360       0xcc Main_Algorithm.o
                0x08000360                Fun_MA_init
                0x0800038c                Fun_MA_waiting
                0x080003b8                Fun_MA_detect
                0x080003fc                set_pressure_val
 .text          0x0800042c       0xa0 Pressure_Sensor_Driver.o
                0x0800042c                Fun_Ps_init
                0x08000458                Fun_Ps_reading
                0x080004a0                Fun_Ps_waiting
 .text          0x080004cc       0xbc startup.o
                0x080004cc                H_Fault_Handler
                0x080004cc                MM_Fault_Handler
                0x080004cc                Bus_Fault
                0x080004cc                Usage_Fault_Handler
                0x080004cc                Default_Handler
                0x080004cc                NMI_Handler
                0x080004d8                Reset
 *(.rodata*)
                0x08000588                E_Text = .

.glue_7         0x08000588        0x0
 .glue_7        0x00000000        0x0 linker stubs

.glue_7t        0x08000588        0x0
 .glue_7t       0x00000000        0x0 linker stubs

.vfp11_veneer   0x08000588        0x0
 .vfp11_veneer  0x00000000        0x0 linker stubs

.v4_bx          0x08000588        0x0
 .v4_bx         0x00000000        0x0 linker stubs

.iplt           0x08000588        0x0
 .iplt          0x00000000        0x0 Alarm_Actuator_driver.o

.rel.dyn        0x08000588        0x0
 .rel.iplt      0x00000000        0x0 Alarm_Actuator_driver.o

.data           0x20000000        0x4 load address 0x08000588
                0x20000000                . = ALIGN (0x4)
                0x20000000                S_Data = .
 *(.data*)
 .data          0x20000000        0x0 Alarm_Actuator_driver.o
 .data          0x20000000        0x0 Alarm_Monitor.o
 .data          0x20000000        0x0 driver.o
 .data          0x20000000        0x0 main.o
 .data          0x20000000        0x4 Main_Algorithm.o
                0x20000000                threshold
 .data          0x20000004        0x0 Pressure_Sensor_Driver.o
 .data          0x20000004        0x0 startup.o
                0x20000004                E_Data = .

.igot.plt       0x20000004        0x0 load address 0x0800058c
 .igot.plt      0x00000000        0x0 Alarm_Actuator_driver.o

.bss            0x20000004      0x420 load address 0x0800058c
                0x20000004                . = ALIGN (0x4)
                0x20000004                S_Bss = .
 *(.bss*)
 .bss           0x20000004        0x0 Alarm_Actuator_driver.o
 .bss           0x20000004        0x0 Alarm_Monitor.o
 .bss           0x20000004        0x0 driver.o
 .bss           0x20000004        0x0 main.o
 .bss           0x20000004        0x4 Main_Algorithm.o
                0x20000004                pressure_detect
 .bss           0x20000008        0x0 Pressure_Sensor_Driver.o
 .bss           0x20000008        0x0 startup.o
 *(.COMMON)
                0x20000008                E_Bss = .
 COMMON         0x20000008        0x5 Alarm_Actuator_driver.o
                0x20000008                pf_alarm_actuator
                0x2000000c                alarm_actuator_state_id
 *fill*         0x2000000d        0x3 
 COMMON         0x20000010        0x5 Alarm_Monitor.o
                0x20000010                pf_alarm_monitor
                0x20000014                alarm_monitor_state_id
 COMMON         0x20000015        0x2 main.o
                0x20000015                Pressure_Sensor_state_id
                0x20000016                main_algorithm_state_id
 *fill*         0x20000017        0x1 
 COMMON         0x20000018        0x4 Main_Algorithm.o
                0x20000018                pf_main_algorithm
 COMMON         0x2000001c        0x8 Pressure_Sensor_Driver.o
                0x2000001c                pressure_val
                0x20000020                pf_Pressure_Sensor
 COMMON         0x20000024      0x400 startup.o
                0x20000024                stack_top
LOAD Alarm_Actuator_driver.o
LOAD Alarm_Monitor.o
LOAD driver.o
LOAD main.o
LOAD Main_Algorithm.o
LOAD Pressure_Sensor_Driver.o
LOAD startup.o
OUTPUT(pressure_project.elf elf32-littlearm)

.debug_info     0x00000000      0x87d
 .debug_info    0x00000000      0x13c Alarm_Actuator_driver.o
 .debug_info    0x0000013c      0x10c Alarm_Monitor.o
 .debug_info    0x00000248       0xf5 driver.o
 .debug_info    0x0000033d      0x196 main.o
 .debug_info    0x000004d3      0x144 Main_Algorithm.o
 .debug_info    0x00000617      0x114 Pressure_Sensor_Driver.o
 .debug_info    0x0000072b      0x152 startup.o

.debug_abbrev   0x00000000      0x488
 .debug_abbrev  0x00000000       0x92 Alarm_Actuator_driver.o
 .debug_abbrev  0x00000092       0x92 Alarm_Monitor.o
 .debug_abbrev  0x00000124       0x9d driver.o
 .debug_abbrev  0x000001c1       0xa7 main.o
 .debug_abbrev  0x00000268       0xbb Main_Algorithm.o
 .debug_abbrev  0x00000323       0x9f Pressure_Sensor_Driver.o
 .debug_abbrev  0x000003c2       0xc6 startup.o

.debug_loc      0x00000000      0x47c
 .debug_loc     0x00000000      0x108 Alarm_Actuator_driver.o
 .debug_loc     0x00000108       0xb0 Alarm_Monitor.o
 .debug_loc     0x000001b8       0xc8 driver.o
 .debug_loc     0x00000280       0x58 main.o
 .debug_loc     0x000002d8       0xbc Main_Algorithm.o
 .debug_loc     0x00000394       0x84 Pressure_Sensor_Driver.o
 .debug_loc     0x00000418       0x64 startup.o

.debug_aranges  0x00000000       0xe0
 .debug_aranges
                0x00000000       0x20 Alarm_Actuator_driver.o
 .debug_aranges
                0x00000020       0x20 Alarm_Monitor.o
 .debug_aranges
                0x00000040       0x20 driver.o
 .debug_aranges
                0x00000060       0x20 main.o
 .debug_aranges
                0x00000080       0x20 Main_Algorithm.o
 .debug_aranges
                0x000000a0       0x20 Pressure_Sensor_Driver.o
 .debug_aranges
                0x000000c0       0x20 startup.o

.debug_line     0x00000000      0x3af
 .debug_line    0x00000000       0x7a Alarm_Actuator_driver.o
 .debug_line    0x0000007a       0x63 Alarm_Monitor.o
 .debug_line    0x000000dd       0x9b driver.o
 .debug_line    0x00000178       0xb5 main.o
 .debug_line    0x0000022d       0x65 Main_Algorithm.o
 .debug_line    0x00000292       0xb6 Pressure_Sensor_Driver.o
 .debug_line    0x00000348       0x67 startup.o

.debug_str      0x00000000      0x38a
 .debug_str     0x00000000      0x138 Alarm_Actuator_driver.o
                                0x1a2 (size before relaxing)
 .debug_str     0x00000138       0x78 Alarm_Monitor.o
                                0x164 (size before relaxing)
 .debug_str     0x000001b0       0x4c driver.o
                                0x122 (size before relaxing)
 .debug_str     0x000001fc       0x68 main.o
                                0x217 (size before relaxing)
 .debug_str     0x00000264       0x65 Main_Algorithm.o
                                0x182 (size before relaxing)
 .debug_str     0x000002c9       0x43 Pressure_Sensor_Driver.o
                                0x170 (size before relaxing)
 .debug_str     0x0000030c       0x7e startup.o
                                 0xe2 (size before relaxing)

.comment        0x00000000       0x11
 .comment       0x00000000       0x11 Alarm_Actuator_driver.o
                                 0x12 (size before relaxing)
 .comment       0x00000000       0x12 Alarm_Monitor.o
 .comment       0x00000000       0x12 driver.o
 .comment       0x00000000       0x12 main.o
 .comment       0x00000000       0x12 Main_Algorithm.o
 .comment       0x00000000       0x12 Pressure_Sensor_Driver.o
 .comment       0x00000000       0x12 startup.o

.ARM.attributes
                0x00000000       0x33
 .ARM.attributes
                0x00000000       0x33 Alarm_Actuator_driver.o
 .ARM.attributes
                0x00000033       0x33 Alarm_Monitor.o
 .ARM.attributes
                0x00000066       0x33 driver.o
 .ARM.attributes
                0x00000099       0x33 main.o
 .ARM.attributes
                0x000000cc       0x33 Main_Algorithm.o
 .ARM.attributes
                0x000000ff       0x33 Pressure_Sensor_Driver.o
 .ARM.attributes
                0x00000132       0x33 startup.o

.debug_frame    0x00000000      0x2fc
 .debug_frame   0x00000000       0xac Alarm_Actuator_driver.o
 .debug_frame   0x000000ac       0x74 Alarm_Monitor.o
 .debug_frame   0x00000120       0x78 driver.o
 .debug_frame   0x00000198       0x44 main.o
 .debug_frame   0x000001dc       0x78 Main_Algorithm.o
 .debug_frame   0x00000254       0x5c Pressure_Sensor_Driver.o
 .debug_frame   0x000002b0       0x4c startup.o
