
Memory Configuration

Name             Origin             Length             Attributes
Flash            0x08000000         0x00020000         xr
SRam             0x20000000         0x00005000         xrw
*default*        0x00000000         0xffffffff

Linker script and memory map


.text           0x08000000      0x220
                0x08000000                _S_text = .
 *(.vectors*)
 .vectors       0x08000000       0x1c startup.o
                0x08000000                Vector_arr
 *(.text*)
 .text          0x0800001c      0x144 main.o
                0x0800001c                _sbrk
                0x080000a0                main
 .text          0x08000160       0xbc startup.o
                0x08000160                H_Fault_Handler
                0x08000160                MM_Fault_Handler
                0x08000160                Bus_Fault
                0x08000160                Default_Handler
                0x08000160                Usage_Fault_Handler
                0x08000160                NMI_Handler
                0x0800016c                Rest_Handler
 *(.rodata)
 .rodata        0x0800021c        0x4 main.o
                0x0800021c                const_variable
                0x08000220                _E_text = .

.glue_7         0x08000220        0x0
 .glue_7        0x00000000        0x0 linker stubs

.glue_7t        0x08000220        0x0
 .glue_7t       0x00000000        0x0 linker stubs

.vfp11_veneer   0x08000220        0x0
 .vfp11_veneer  0x00000000        0x0 linker stubs

.v4_bx          0x08000220        0x0
 .v4_bx         0x00000000        0x0 linker stubs

.iplt           0x08000220        0x0
 .iplt          0x00000000        0x0 main.o

.rel.dyn        0x08000220        0x0
 .rel.iplt      0x00000000        0x0 main.o

.data           0x20000000        0x8 load address 0x08000220
                0x20000000                . = ALIGN (0x4)
                0x20000000                _S_Data = .
 *(.data)
 .data          0x20000000        0x8 main.o
                0x20000000                R_ODR
                0x20000004                g_variable
 .data          0x20000008        0x0 startup.o
 *(.data.*)
                0x20000008                _E_Data = .

.igot.plt       0x20000008        0x0 load address 0x08000228
 .igot.plt      0x00000000        0x0 main.o

.bss            0x20000008     0x2008 load address 0x08000228
                0x20000008                _S_Bss = .
 *(.bss)
 .bss           0x20000008        0x8 main.o
                0x20000008                bss_variable
 .bss           0x20000010        0x0 startup.o
                0x20000010                _E_Bss = .
                0x20000010                . = ALIGN (0x4)
                0x20001010                . = (. + 0x1000)
 *fill*         0x20000010     0x1000 
                0x20001010                max_heap = .
                0x20001010                . = ALIGN (0x4)
                0x20002010                . = (. + 0x1000)
 *fill*         0x20001010     0x1000 
                0x20002010                stack_top = .
LOAD main.o
LOAD startup.o
OUTPUT(learn-in-depth-cortex-m3.elf elf32-littlearm)

.debug_info     0x00000000      0x395
 .debug_info    0x00000000      0x222 main.o
 .debug_info    0x00000222      0x173 startup.o

.debug_abbrev   0x00000000      0x1ec
 .debug_abbrev  0x00000000      0x12a main.o
 .debug_abbrev  0x0000012a       0xc2 startup.o

.debug_loc      0x00000000       0xd4
 .debug_loc     0x00000000       0x70 main.o
 .debug_loc     0x00000070       0x64 startup.o

.debug_aranges  0x00000000       0x40
 .debug_aranges
                0x00000000       0x20 main.o
 .debug_aranges
                0x00000020       0x20 startup.o

.debug_line     0x00000000      0x10e
 .debug_line    0x00000000       0x62 main.o
 .debug_line    0x00000062       0xac startup.o

.debug_str      0x00000000      0x1a1
 .debug_str     0x00000000      0x127 main.o
                                0x172 (size before relaxing)
 .debug_str     0x00000127       0x7a startup.o
                                0x151 (size before relaxing)

.comment        0x00000000       0x11
 .comment       0x00000000       0x11 main.o
                                 0x12 (size before relaxing)
 .comment       0x00000000       0x12 startup.o

.ARM.attributes
                0x00000000       0x33
 .ARM.attributes
                0x00000000       0x33 main.o
 .ARM.attributes
                0x00000033       0x33 startup.o

.debug_frame    0x00000000       0x98
 .debug_frame   0x00000000       0x4c main.o
 .debug_frame   0x0000004c       0x4c startup.o
