
Memory Configuration

Name             Origin             Length             Attributes
Flash            0x08000000         0x00020000         xr
SRam             0x20000000         0x00005000         xrw
*default*        0x00000000         0xffffffff

Linker script and memory map


.text           0x08000000      0x10c
 *(.vectors*)
 .vectors       0x08000000       0x50 startup.o
 *(.text*)
 .text          0x08000050       0xb0 main.o
                0x08000050                main
 .text          0x08000100        0x8 startup.o
 *(.rodata)
 .rodata        0x08000108        0x4 main.o
                0x08000108                const_variable

.glue_7         0x0800010c        0x0
 .glue_7        0x00000000        0x0 linker stubs

.glue_7t        0x0800010c        0x0
 .glue_7t       0x00000000        0x0 linker stubs

.vfp11_veneer   0x0800010c        0x0
 .vfp11_veneer  0x00000000        0x0 linker stubs

.v4_bx          0x0800010c        0x0
 .v4_bx         0x00000000        0x0 linker stubs

.iplt           0x0800010c        0x0
 .iplt          0x00000000        0x0 main.o

.rel.dyn        0x0800010c        0x0
 .rel.iplt      0x00000000        0x0 main.o

.data           0x0800010c        0x8
 *(.data)
 .data          0x0800010c        0x8 main.o
                0x0800010c                R_ODR
                0x08000110                g_variable
 .data          0x08000114        0x0 startup.o

.igot.plt       0x08000114        0x0
 .igot.plt      0x00000000        0x0 main.o

.bss            0x20000000        0x0
 *(.bss)
 .bss           0x20000000        0x0 main.o
 .bss           0x20000000        0x0 startup.o
LOAD main.o
LOAD startup.o
OUTPUT(learn-in-depth-cortex-m3.elf elf32-littlearm)

.debug_info     0x00000000      0x18d
 .debug_info    0x00000000      0x133 main.o
 .debug_info    0x00000133       0x5a startup.o

.debug_abbrev   0x00000000       0xec
 .debug_abbrev  0x00000000       0xd8 main.o
 .debug_abbrev  0x000000d8       0x14 startup.o

.debug_loc      0x00000000       0x38
 .debug_loc     0x00000000       0x38 main.o

.debug_aranges  0x00000000       0x40
 .debug_aranges
                0x00000000       0x20 main.o
 .debug_aranges
                0x00000020       0x20 startup.o

.debug_line     0x00000000       0x91
 .debug_line    0x00000000       0x56 main.o
 .debug_line    0x00000056       0x3b startup.o

.debug_str      0x00000000       0xb6
 .debug_str     0x00000000       0xb6 main.o
                                 0xbf (size before relaxing)

.comment        0x00000000       0x11
 .comment       0x00000000       0x11 main.o
                                 0x12 (size before relaxing)

.ARM.attributes
                0x00000000       0x31
 .ARM.attributes
                0x00000000       0x33 main.o
 .ARM.attributes
                0x00000033       0x21 startup.o

.debug_frame    0x00000000       0x2c
 .debug_frame   0x00000000       0x2c main.o
